<html>
<body>
<pre>
<h1>µVision Build Log</h1>
<h2>Project:</h2>
C:\Users\umbetovaa\Documents\Asman\NewProj.uvproj
Project File Date:  02/01/2020

<h2>Output:</h2>
Build target 'Target 1'
compiling main.c...
linking...
Program Size: Code=560 RO-data=424 RW-data=16 ZI-data=1632  
".\NewProj.axf" - 0 Error(s), 0 Warning(s).
Load "C:\\Users\\umbetovaa\\Documents\\Asman\\NewProj.axf" 
Erase Done.
Programming Done.
Verify OK.
Application running ...
</pre>
</body>
</html>
ning(s).
Target not created
Load "C:\\Users\\umbetovaa\\Documents\\Asman\\NewProj.axf" 
_____^
*** error 56: cannot open file
Error: Flash Download failed  -  Could not load file 'C:\Users\umbetovaa\Documents\Asman\NewProj.axf'
 not created
Error: Flash Download failed  -  Could not load file 'C:\Users\umbetovaa\Documents\Asman\NewProj.axf'
Load "C:\\Users\\umbetovaa\\Documents\\Asman\\NewProj.axf" 
_____^
*** error 56: cannot open file
Error: Flash Download failed  -  Could not load file 'C:\Users\umbetovaa\Documents\Asman\NewProj.axf'
compiling main.c...
main.c(52): error:  #268: declaration may not appear after executable statement in block
                int firstGo = 1;
main.c: 0 warnings, 1 error
"main.c" - 1 Error(s), 0 Warning(s).
